Database :
특정 기업이나 조직 또는 개인이 필요에 의해 논리적으로 연관된 데이터를 모아 일정한 형태로 저장해 놓은것

DBMS(Database Management System) :
데이터베이스 관리 프로그램
DBMS를 이용하여 데이터 입력, 수정, 삭제 등의 기능을 제공한다

Database 특징 :
통합된 데이터 - 데이터의 중복을 최소화하여 중복으로 인한 데이터 불일치 현상을 제거
저장된 데이터 - 디스크, 테이프 같은 컴퓨터 저장장치에 저장된 데이터
운영 데이터 - 업무를 위한 검색을 할 목적으로 저장된 데이터
공용 데이터 - 동시 공유
실시간 접근성
지속적인 변화
내용에 따른 참조

파일 시스템 :
데이터를 파일 단위로 저장하므로 중복 가능
데이터의 중복 저장으로 일관성이 결여됨
데이터 정의와 프로그램의 독립성 유지 불가능
관리 기능 보통
프로그램 개발 생산성 나쁨

DBMS 장점 :
DBMS를 이용하여 데이터를 공유하기 때문에 중복 가능성이 낮음
중복 제거로 데이터의 일관성이 유지됨
데이터 정의와 프로그램의 독립성 유지 가능
데이터 복구, 보안, 동시성 제어, 데이터 관리 기능 등을 수행
짧은 시간에 큰 프로그램을 개발할 수 있음
데이터 무결성 유지, 데이터 표준 준수 용이

데이터베이스 사용자 그룹:
일반 사용자
응용프로그래머
SQL 사용자
DBA


# sqlplus를 실행시키고 관리자 계정으로 접속해서 sample계정 비밀번호 설정하고, 잠긴 계정을 풉니다.
C:\Users\student>sqlplus / as sysdba

SQL*Plus: Release 11.2.0.1.0 Production on 목 5월 30 10:20:16 2019

Copyright (c) 1982, 2010, Oracle.  All rights reserved.


다음에 접속됨:
Oracle Database 11g Enterprise Edition Release 11.2.0.1.0 - 64bit Pro
With the Partitioning, OLAP, Data Mining and Real Application Testing

SQL> select user from dual;

USER
------------------------------
SYS

SQL> alter user scott
    identified by oracle
     account unlock;

사용자가 변경되었습니다.

SQL> alter user hr
     identified by oracle
    account unlock;

사용자가 변경되었습니다.

SQL> conn hr/oracle

SQL> select * from employees

SQL> conn scott/oracle

SQL> select tname from tab; ---메타정보로 테이블 목록 확인

SQL> select * from emp;  --테이블의 모든 데이터 조회


1960년대 : 플로우 차트 중심, 파일 구조로 데이터 저장 관리
1970년대 : 네트워크 데이터베이스, 망형 데이터베이스 상용화
1980년대 : 관계형 데이터베이스 상용화

SQL(Structured Query Language) :
관계형 데이터베이스에서 데이터 조작과 데이터 정의를 하기 위해 사용하는 언어
표준 언어
선언적 언어
결과 중심 언어

DML (select, insert, update, delete, merge)
DDL (create, alter, drop, rename, truncate)
TCL (commit, rollback, savepoint)
DCL (grant, revoke)


conn scott/oracle
describe emp      -- 테이블 구조 조회
desc dept 

sqlplus 툴 - sql 실행, 결과 보여주는 환경 제공
sqlplus 툴 명령어 - 세미콜론(;) 없이 사용 가능, 명령어 축약  사용 가능
sql문은 명령어 축약 불가, 반드시 한 문장은 세미콜론(;) 으로 종료


char(1) ~2000byte
varchar2(1) ~4000byte
number타입 binary형식으로 정수, 실수
date 날짜를 7byte를 사용해서 수치값으로 저장 (__세기, __년도 __월 __일 __시 __분 __초)

select sysdate from dual; --시스템 현재 시간을 리턴하는 함수

--세션에 설정된 기본 날짜 출력 형식은  RR/MM/DD입니다.
SQL> select sysdate from dual;   

SYSDATE
--------
19/05/30

--세션의 날짜 출력 형식을 변경 
SQL> alter session set nls_date_format ='YYYY/MM/DD HH24:MI:SS';

세션이 변경되었습니다.

SQL> select sysdate from dual;

SYSDATE
-------------------
2019/05/30 11:23:08

SQL> exit;  --db disconnection, 세션 종료
 


--세션을 종료한 후에 다시 시작하면 세션의 기본 날짜 출력 형식으로 변경됩니다.

C:\Users\student>sqlplus scott/oracle

SQL> select sysdate from dual;   

SYSDATE
--------
19/05/30

meta정보가 저장된 oracle data dictionary view는 
user_tables - 특정 user 소유의 테이블 목록 확인
all_tables - 특정 user 소유 + 권한을 받은 테이블 목록 확인
dba_tables - DB의 모든 테이블 목록 확인 (DBA 권한으로만 확인 가능)

desc user_tables
select table_name from user_tables;  -user_tables의 별칭 tab
desc tab
select tname from tab;

select table_name from all_tables;
select table_name from dba_tables; --오류 발생

conn / as sysdba
select table_name from dba_tables;


conn scott/oracle

※sql문장의 키워드와 테이블명, 컬럼명등은 대소문자 구별 안합니다. 
※컬럼값은 대소문자 구별합니다.

SQL> host cls

--조회할 컬럼의 순서는 테이블에 정의된 컬럼순서에 맞추지 않다도 됩니다.
select ename, sal, job, deptno from emp; 

select deptno from emp;
select distinct deptno from emp; -- hashing방식 사용해서 중복값 제거

select deptno, distinct job from emp; --?error
--주석
select distinct deptno,  job from emp;


number타입 컬럼은 산술연산 :  +,-, *, /
char/varchar2 타입 컬럼은 문자열 결합 : ||
date 타입 컬럼 :  date±n, date-date, date±1/n


select sal+100, sal-100, sal*2, sal/100
from emp;

select sal, comm, (sal+comm)*2
from emp;

--데이터가 추가될때 입력되지 않는 컬럼값은 null입니다.
--null은 아직 값이 없다는 의미입니다. , 0도 아니고, ''도 아닙니다.
--null은 산술연산 수행 결과는 항상 null입니다.
--null을 포함하는 컬럼들은 null아닌 값으로 변환 후에 산술연산을 수행해야 합니다.
--모든 DBMS에서는 null아닌 값으로 변환해주는 내장 함수를 제공합니다.
--nvl(column, null일때리턴값)
--null은 비교연산, 논리연산 모두 null이 결과입니다.

select sal, comm, (sal+nvl(comm, 0))*2 as salary
from emp;

select sal, comm, (sal+nvl(comm, 0))*2 as "Salary"   --대소문자 구별
from emp;

select sal, comm, (sal+nvl(comm, 0))*2 "Total Salary"   --공백 포함 대소문자 구별
from emp;

※ 문자, 날짜 데이터는 반드시 ' '를 사용해서 표현, 처리
※ 날짜 데이터 세션에 설정된 포맷 형식하고 일치해야 합니다. ('RR/MM/DD')

select   ename||job
from emp;


select   ename|| ' works as ' ||job
from emp;

Quiz> 'A' 결과로 출력하려면?
select  '''A'''
from dual;

select  q'['A']'
from dual;

※ select~ from절이 필수절입니다.
※ 단순계산 결과, 함수 결과, 문자 데이터 출력등은 dual테이블을 사용합니다.
desc dual
select * from dual;

Quiz> select 10||10 from dual;  --?oracle server가 정수10을 문자열로 자동 형변환
Quiz> select '10'+'10' from dual; ---? 문자열10을 정수로 자동 형변환


select sysdate+1, sysdate-1
from dual;     --날짜와 산술연산하는 정수는 Number of Days입니다.

select sysdate-hiredate
from emp;     --기간이 리턴

select sysdate_hiredate
from emp;   --error

alter session set nls_date_format='YYYY-MM-DD HH24:MI:SS';
select sysdate, sysdate+1/24, sysdate+5/1440
from dual;

조건 검색 :
문> 부서 번호 30번인 사원 검색
문> 직무가 ANALYST인 사원 검색
문> 급여가 3000이상인 사원 검색

select 검색 컬럼 리스트, 표현식
from 테이블
where 조건 ; => 컬럼 비교연산자 값 ( >, <, >=, =, !=, <>, <=)

--부서 번호 30번인 사원 검색
select ename, deptno
from emp
where deptno = 30;


--직무가 ANALYST인 사원 검색
select ename, job
from emp
where job = 'ANALYST'   --컬럼값은 대소문자 구별합니다.


--급여가 3000이상인 사원 검색
select ename, sal
from emp
where sal >= 3000

empno 사번
ename 이름
job 직무
hiredate 입사날짜
comm   커미션
deptno 부서번호
sal 급여
mgr 관리자번호

alter session set nls_date_format='RR/MM/DD';

Quiz> 87년 1월 1일이후에 입사한 사원 이름 검색
select empno, ename, hiredate
from emp
where hiredate >= '87/01/01';

select empno, ename, hiredate
from emp
where hiredate >= '87년01월01일'; -- error

--날짜는 session설정 날짜 포맷과 일치하면 자동으로 conversion해줍니다.
--날짜는 session설정 날짜 포맷과 일치하지 않으면 오류 발생합니다.


문> 커미션을 받는 사원을 검색하시오
select ename, comm
from emp 
where comm != null;   --> 문법 오류가 아닌 논리 오류?

select ename, comm
from emp 
where comm is not null;

select ename, comm
from emp 
where comm > 0;

문> 커미션을 받지 않는 사원을 검색하시오
select ename, comm
from emp 
where comm = null;   --> 문법 오류가 아닌 논리 오류?

※ is null, is not null 연산자 : null 비교 연산자

select ename, comm
from emp 
where comm is null;

논리연산자 and,  or, not

문> 월급이 3000이상 5000이하인 사원 검색 (3000 포함, 5000포함)
select ename, sal
from emp
where  sal >= 3000 and sal <=5000;

※ 범위 연산자  between 하한값 and 상한값

select ename, sal
from emp
where  sal between 3000 and  5000;


문> 직무가 clerk 또는 analyst인 사원 검색
select ename, job
from emp
where job ='CLERK' or job='ANALYST';


※ in 리스트 연산자 : in (값, 값, 값,....)
select ename, job
from emp
where job in ('CLERK' ,'ANALYST');


※ character pattern matching 연산자 : like '%, _'
%는 문자 종류는 모든 문자, 개수는 0~M
_는 문자 종류는 모든 문자, 개수는 1을 의미합니다.
문> 사원이름중에서 두번째 문자가 'D'인 사원 검색
select ename
from emp
where ename like '_D%';

문> 사원이름중에서 첫번째 문자가 'S'로 시작하는 사원 검색
select ename
from emp
where ename like 'S%';

문> 사원이름중에서 문자가 'N'로 끝나는 사원 검색
select ename
from emp
where ename like '%N';


문> 81년도에 입사한 사원 검색
select ename, hiredate
from emp
where  hiredate like '81%';

select ename, hiredate
from emp
where  hiredate between '81/01/01' and '81/12/31';


select ename, hiredate
from emp
where  hiredate > '80/12/31' 
and hiredate < '82/01/01';


--논리연산자의 우선순위 NOT, AND, OR

문>업무가 PRESIDENT이고 급여가 1500 이상이거나 업무가 SALESMAN인 사원의
 사원번호, 이름, 업무, 급여를 출력하여라.
select empno, ename, job, sal
from emp
where (job =' PRESIDENT' and sal >= 1500) or job= 'SALESMAN'

문> 급여가 1500 이상이고, 업무가 SALESMAN이거나 PRESIDENT인 사원의
 사원번호, 이름, 업무, 급여를 출력하여라.

select empno, ename, job, sal
from emp
where sal >= 1500 and job in (' PRESIDENT', 'SALESMAN)


select empno, ename, job, sal
from emp
where sal >= 1500 and job =' PRESIDENT' or job= 'SALESMAN)



select ~
from ~
[where 필터 조건]
[group by 컬럼]
[having 조건]
[order by 정렬기준커럼 정렬방식]  --asc 오름차순 default, desc 내림차순


문> 월급의 오름차순으로 사원 정보 출력
select ename, job, sal
from emp
order by sal ;

select ename, job, sal
from emp
order by sal desc;

문> 사원들의 사번, 이름, 부서번호, 월급, 커미션, 연봉(sal+comm*12)의 결과 
출력 , 연봉의 내림차순으로...


select empno, ename, deptno, sal, comm, (sal+nvl(comm, 0))*12 "연봉"
from emp
order by (sal+nvl(comm, 0))*12 desc;

select empno, ename, deptno, sal, comm, (sal+nvl(comm, 0))*12 "연봉"
from emp
order by "연봉" desc;

select empno, ename, deptno, sal, comm, (sal+nvl(comm, 0))*12 "연봉"
from emp
order by 6 desc   ;

--order by절에는 컬럼 표현식, 별칭, 컬럼 포지션을 사용할 수 있습니다.

문> 사원들의 사번, 이름, 부서번호, 월급, 커미션, 연봉(sal+comm*12)의 결과 
출력 (부서번호로 오름차순 정렬하고, 연봉의 내림차순으로...)

select empno, ename, deptno, sal, comm, (sal+nvl(comm, 0))*12 "연봉"
from emp
order by depno, 6 desc;

select empno, ename, deptno, sal, comm, (sal+nvl(comm, 0))*12 "연봉"
from emp
order by 3 asc, "연봉" desc;



[연습문제]
문제1)  EMP Table의 모든 자료를 출력하여라.

문제2)  EMP Table에서 사원 번호, 이름, 급여, 담당업무를 출력하여라.

문제3) 모든 사원의 급여를 $300 증가시키기 위해 덧셈 연산자를 사용하고 결과에 SAL+300을 조회한다
  
문제4) EMP 테이블에서 사원번호, 이름, 급여보너스를 출력하여라.

문제5) EMP 테이블에서 ENAME를 NAME로 SAL을 SALARY로 출력하여라.

문제6) EMP 테이블에서 ENAME를 Name로 SAL*12를 Annual Salary 로 출력하여라.

문제7) EMP 테이블에서 ENAME를 '성 명'으로, SAL를 ‘급 여'로  출력하여라.

문제8) EMP 테이블에서 이름과 업무를 연결하여 출력하여라.

문제9) EMP 테이블에서 이름과 업무를 "King is a PRESIDENT" 형식으로 출력하여라.

문제10) EMP 테이블에서 이름과 연봉을 "KING: 1 Year salary = 60000" 

문제11) EMP 테이블에서 JOB을 모두 출력하여라.

문제12) EMP 테이블에서 담당하고 있는 업무의 종류를 출력하여라.

문제13) EMP 테이블이 부서번호를 중복 값을 제거해서 조회하라

문제14) 부서별로 담당하는 업무를 한번씩 출력하여라.

문제15) EMP 테이블에서 사원번호, 이름, rowid를 조회하라.

문제17) EMP 테이블에서 급여가 3000 이상인 사원의 사원번호, 이름, 담당업무, 급여를 출력하라.

문제18) EMP 테이블에서 담당업무가 Manager인 사원의 정보를 사원정보, 성명, 담당업무, 급여, 부서번호를 출력하라.

문제19) EMP 테이블에서 1982년 1월 1일 이후에 입사한 사원의 사원번호, 성명, 담당업무, 급여, 입사일자, 부서번호를 출력하라.

문제20) EMP 테이블에서 급여가 1300에서 1700사이의 사원의 성명, 담당업무, 급여, 부서 번호를 출력하여라.

문제21) EMP 테이블에서 사원번호가 7902, 7788, 7566인 사원의 사원번호, 성명, 담당업무, 급여, 입사일자를 출력하여라.

문제22) EMP 테이블에서 입사일자가 82년도에 입사한 사원의 사번, 성명, 당당업무, 급여, 입사일자, 부서번호를 출력하여라.

문제23) EMP 테이블 이름의 첫 글자가 'M'인 사원의 이름, 급여 조회하라

문제24) EMP 테이블 이름의  두 번째 글자가 ‘L'인 사원의 이름,업무를  조회하라

문제25) EMP 테이블에서 보너스가 NULL인 사원의 사원번호, 성명, 담당업무, 급여, 입사일자, 부서번호를 출력하여라.

문제26) EMP 테이블에서 급여가 1100 이상이고 JOB이 Manager인 사원의 사원번호, 성명, 담당업무, 급여, 입사일자, 부서번호를 출력하여라.


#########################Character function########################

select initcap(ename), lower(ename), upper(ename)
from emp;

select length('korea') length('대한민국')
from dual;

select lengthb('korea') lengthb('대한민국')
from dual;

--함수 안에 함수를 nested하면  nested된 함수부터 처리
select concat(concat(ename, ' is '), job)
from emp;


select substr('today is 2015년 4월 26일', 1, 5),
       substr('today is 2015년 4월 26일', 10, 5),
       substr('today is 2015년 4월 26일', 15),
       substr('today is 2015년 4월 26일', -3, 2)
from dual;

select instr('korea is wonderful', 'o'),
       instr('korea is wonderful', 'o', 1, 2),
       instr('korea is wonderful', 'o', 9),
       instr('korea is wonderful', 'x')
from dual;


#lpad : left padding,  
#rpad : right padding
#문자열로 변환, 문자열 전체 길이내에 왼쪽 공백에 특정 문자를 padding

select ename, sal, lpad(sal, 10, '*')
from emp;

select ename, sal, rpad(sal, 10, '*')
from emp;

#trim, ltrim, rtrim 함수
select length('  hello  '),  length(trim('  hello  '))
from dual;

select trim('H' from 'Hello wonderful'), trim('l' from 'Hello wonderful')
from dual;

select ltrim('Hello wonderful', 'He' ), rtrim( 'Hello wonderful' , 'ful')
from dual;

select replace('Jack AND Jue', 'J', 'BL')
from dual;

#translate

#########################number function########################

select round(12.345, 2), round(12.345, 0), round(12.345, -1)
from dual;

select trunc(12.345, 2), trunc(12.345), trunc(12.345, -1)
from dual;

select mod(99, 4)
from dual;

select ceil(12.345), floor(12.345) from dual;

select power(3, 2), power(5, 2)
from dual;

문> 사원 번호중 홀수 인 사원들만 출력


--where절에 함수 사용 가능

#########################date function########################
timestamp컬럼 타입 (YYYY/MM/DD HH24:MI:SS.SSSSSSSSS)
timestamp(3)  #6이 default
timestamp with time zone

select sessiontimezone from dual;
alter session set time_zone='+3:00';
select sessiontimezone from dual;


sysdate 시스템의 현재 리턴
current_date 세션의 timezone기반 현재시간을 date타입으로 리턴
current_timestamp 세션의 timezone기반 현재시간을 timestamp타입으로 리턴
select   sysdate, current_date, current_timestamp
from dual;

#add_months(date, n) - 개월 수를 더한 날짜가 리턴
#months_between(date, date) - 기간이 리턴

select add_months(sysdate, 6)
from dual;

select hiredate, add_months(hiredate, 6)
from emp;

select months_between(sysdate, hiredate)
from emp;

# next_day(date, '요일명')
select next_day(sysdate, '목')
from emp;



alter session set nls_date_format ='RR/MM/DD';

--trunc, round 
select trunc(to_date('14/02/14'), 'MONTH'), 
       trunc(to_date('14/02/14'), 'YEAR')
from dual;


select round(to_date('14/02/14'), 'MONTH'), 
       round(to_date('14/02/14'), 'YEAR')
from dual;



#last_day(date)
select last_day(to_date('14/02/14')), last_day(to_date('2000/02/14'))
       , last_day(to_date('2100/02/14'))
from dual;


문> 사원들의 입사 날짜로부터 6개월후날짜로부터 다음 금요일이 연봉 조정 
면담날짜입니다. 
사원들의 사번과 입사날짜와 연봉 조정 면담날짜를 출력하세요
select empno, hiredate, next_day(add_months(hiredate, 6), '금') "연봉조정날짜'
from emp;



select to_char(123456.789, '$9,999,999.9999')
from dual;

select to_number('$1,234,567.999', '9,999,999.999')
from dual; --error


select to_number('$1,234,567.34', '$99,999,999.9999')
from dual;  --?


select sysdate,  to_char(sysdate, 'YYYY"년" MM"월"  DD"일" DY')
from dual;

alter session set nls_language=american;

select sysdate,  to_char(sysdate, 'Year Month DDspth Day')
from dual;

alter session set nls_language=korean;

select '2019-05-30 5:43 PM' 
       , to_date('2019-05-30 5:43 PM' 'HH12:MI AM YYYY-MM-DD')
from dual;  --error?


select '2019-05-30 5:43 PM' 
       , to_date('2019-05-30 17:43' , 'YYYY-MM-DD HH24:MI')
from dual;   --변환이 정상적으로 수행되면 세션 포맷형식으로 출력됨

  
RR/MM/DD






















